root@seongjun-virtual-machine:~/바탕화면# /etc/passwd
bash: /etc/passwd: 허가 거부
root@seongjun-virtual-machine:~/바탕화면# gedit
root@seongjun-virtual-machine:~/바탕화면# gedit /etc/passwd
root@seongjun-virtual-machine:~/바탕화면# nano /etc/passwd
root@seongjun-virtual-machine:~/바탕화면# nano /etc/shadow
root@seongjun-virtual-machine:~/바탕화면# ^C
root@seongjun-virtual-machine:~/바탕화면# nano /etc/passwd
root@seongjun-virtual-machine:~/바탕화면# nano /etc/group
root@seongjun-virtual-machine:~/바탕화면# nano /etc/group
root@seongjun-virtual-machine:~/바탕화면# nano /etc/adduser
root@seongjun-virtual-machine:~/바탕화면# adduser
adduser: 하나 혹은 두 개의 이름만 지정할 수 있습니다.
root@seongjun-virtual-machine:~/바탕화면# adduser bory
'bory' 사용자를 추가 중...
새 그룹 'bory' (1001) 추가 ...
새 사용자 'bory' (1001) 을(를) 그룹 'bory' (으)로 추가 ...
'/home/bory' 홈 디렉터리를 생성하는 중...
'/etc/skel'에서 파일들을 복사하는 중...
새 암호: 
새 암호 재입력: 
죄송합니다. 암호가 일치하지 않습니다.
새 암호: 
새 암호 재입력: 
passwd: 암호를 성공적으로 업데이트했습니다
bory의 사용자의 정보를 바꿉니다
새로운 값을 넣거나, 기본값을 원하시면 엔터를 치세요
	이름 []: BoryPark             
	방 번호 []: 509
	직장 전화번호 []: 02-333-5555
	집 전화번호 []: 02-777-7777
	기타 []: Student
정보가 올바릅니까? [Y/n] y
root@seongjun-virtual-machine:~/바탕화면# nano /etc/passwd
root@seongjun-virtual-machine:~/바탕화면# adduser --uid 1003 leebory
'leebory' 사용자를 추가 중...
새 그룹 'leebory' (1003) 추가 ...
새 사용자 'leebory' (1003) 을(를) 그룹 'leebory' (으)로 추가 ...
'/home/leebory' 홈 디렉터리를 생성하는 중...
'/etc/skel'에서 파일들을 복사하는 중...
새 암호: 
새 암호 재입력: 
passwd: 암호를 성공적으로 업데이트했습니다
leebory의 사용자의 정보를 바꿉니다
새로운 값을 넣거나, 기본값을 원하시면 엔터를 치세요
	이름 []: leebory
	방 번호 []: 509
	직장 전화번호 []: 1111
	집 전화번호 []: 2222
	기타 []: Student
정보가 올바릅니까? [Y/n] y
root@seongjun-virtual-machine:~/바탕화면# adduser --gid 1000 seongjunnnnnn
'seongjunnnnnn' 사용자를 추가 중...
새 사용자 'seongjunnnnnn' (1002) 을(를) 그룹 'seongjun' (으)로 추가 ...
'/home/seongjunnnnnn' 홈 디렉터리를 생성하는 중...
'/etc/skel'에서 파일들을 복사하는 중...
새 암호: 
새 암호 재입력: 
passwd: 암호를 성공적으로 업데이트했습니다
seongjunnnnnn의 사용자의 정보를 바꿉니다
새로운 값을 넣거나, 기본값을 원하시면 엔터를 치세요
	이름 []: 
	방 번호 []: 
	직장 전화번호 []: 
	집 전화번호 []: 
	기타 []: 
정보가 올바릅니까? [Y/n] y
root@seongjun-virtual-machine:~/바탕화면# tail /etc/passwd
colord:x:123:130:colord colour management daemon,,,:/var/lib/colord:/usr/sbin/nologin
geoclue:x:124:131::/var/lib/geoclue:/usr/sbin/nologin
pulse:x:125:132:PulseAudio daemon,,,:/run/pulse:/usr/sbin/nologin
gnome-initial-setup:x:126:65534::/run/gnome-initial-setup/:/bin/false
hplip:x:127:7:HPLIP system user,,,:/run/hplip:/bin/false
gdm:x:128:134:Gnome Display Manager:/var/lib/gdm3:/bin/false
seongjun:x:1000:1000:seongjun,,,:/home/seongjun:/bin/bash
bory:x:1001:1001:BoryPark,509,02-333-5555,02-777-7777,Student:/home/bory:/bin/bash
leebory:x:1003:1003:leebory,509,1111,2222,Student:/home/leebory:/bin/bash
seongjunnnnnn:x:1002:1000:,,,:/home/seongjunnnnnn:/bin/bash
root@seongjun-virtual-machine:~/바탕화면# adduser --home /newhome seongseongjun
'seongseongjun' 사용자를 추가 중...
새 그룹 'seongseongjun' (1002) 추가 ...
새 사용자 'seongseongjun' (1004) 을(를) 그룹 'seongseongjun' (으)로 추가 ...
'/newhome' 홈 디렉터리를 생성하는 중...
'/etc/skel'에서 파일들을 복사하는 중...
새 암호: 
새 암호 재입력: 
passwd: 암호를 성공적으로 업데이트했습니다
seongseongjun의 사용자의 정보를 바꿉니다
새로운 값을 넣거나, 기본값을 원하시면 엔터를 치세요
	이름 []: 
	방 번호 []: 
	직장 전화번호 []: 
	집 전화번호 []: 
	기타 []: 
정보가 올바릅니까? [Y/n] y
root@seongjun-virtual-machine:~/바탕화면# tail /etc/passwd
geoclue:x:124:131::/var/lib/geoclue:/usr/sbin/nologin
pulse:x:125:132:PulseAudio daemon,,,:/run/pulse:/usr/sbin/nologin
gnome-initial-setup:x:126:65534::/run/gnome-initial-setup/:/bin/false
hplip:x:127:7:HPLIP system user,,,:/run/hplip:/bin/false
gdm:x:128:134:Gnome Display Manager:/var/lib/gdm3:/bin/false
seongjun:x:1000:1000:seongjun,,,:/home/seongjun:/bin/bash
bory:x:1001:1001:BoryPark,509,02-333-5555,02-777-7777,Student:/home/bory:/bin/bash
leebory:x:1003:1003:leebory,509,1111,2222,Student:/home/leebory:/bin/bash
seongjunnnnnn:x:1002:1000:,,,:/home/seongjunnnnnn:/bin/bash
seongseongjun:x:1004:1002:,,,:/newhome:/bin/bash
root@seongjun-virtual-machine:~/바탕화면# login
seongjun-virtual-machine 로그인: seonvseonjun
암호: 

로그인이 맞지 않습니다
seongjun-virtual-machine 로그인: seongseongjun
암호: 
Welcome to Ubuntu 22.04.2 LTS (GNU/Linux 5.19.0-35-generic x86_64)

 * Documentation:  https://help.ubuntu.com
 * Management:     https://landscape.canonical.com
 * Support:        https://ubuntu.com/advantage

 * Introducing Expanded Security Maintenance for Applications.
   Receive updates to over 25,000 software packages with your
   Ubuntu Pro subscription. Free for personal use.

     https://ubuntu.com/pro

Expanded Security Maintenance for Applications is not enabled.

0 updates can be applied immediately.

Enable ESM Apps to receive additional future security updates.
See https://ubuntu.com/esm or run: sudo pro status


The list of available updates is more than a week old.
To check for new updates run: sudo apt update

The programs included with the Ubuntu system are free software;
the exact distribution terms for each program are described in the
individual files in /usr/share/doc/*/copyright.

Ubuntu comes with ABSOLUTELY NO WARRANTY, to the extent permitted by
applicable law.

seongseongjun@seongjun-virtual-machine:~$ logout
root@seongjun-virtual-machine:~/바탕화면# adduser --shell /bin/csh mandu
'mandu' 사용자를 추가 중...
새 그룹 'mandu' (1004) 추가 ...
새 사용자 'mandu' (1005) 을(를) 그룹 'mandu' (으)로 추가 ...
useradd: Warning: missing or non-executable shell '/bin/csh'
'/home/mandu' 홈 디렉터리를 생성하는 중...
'/etc/skel'에서 파일들을 복사하는 중...
새 암호: 
새 암호 재입력: 
passwd: 암호를 성공적으로 업데이트했습니다
mandu의 사용자의 정보를 바꿉니다
새로운 값을 넣거나, 기본값을 원하시면 엔터를 치세요
	이름 []: 
	방 번호 []: 
	직장 전화번호 []: 
	집 전화번호 []: 
	기타 []: 
정보가 올바릅니까? [Y/n] y
root@seongjun-virtual-machine:~/바탕화면# login
seongjun-virtual-machine 로그인: mandu
암호: 
Welcome to Ubuntu 22.04.2 LTS (GNU/Linux 5.19.0-35-generic x86_64)

 * Documentation:  https://help.ubuntu.com
 * Management:     https://landscape.canonical.com
 * Support:        https://ubuntu.com/advantage

 * Introducing Expanded Security Maintenance for Applications.
   Receive updates to over 25,000 software packages with your
   Ubuntu Pro subscription. Free for personal use.

     https://ubuntu.com/pro

Expanded Security Maintenance for Applications is not enabled.

0 updates can be applied immediately.

Enable ESM Apps to receive additional future security updates.
See https://ubuntu.com/esm or run: sudo pro status


The list of available updates is more than a week old.
To check for new updates run: sudo apt update

The programs included with the Ubuntu system are free software;
the exact distribution terms for each program are described in the
individual files in /usr/share/doc/*/copyright.

Ubuntu comes with ABSOLUTELY NO WARRANTY, to the extent permitted by
applicable law.

/bin/csh을(를) 실행할 수 없습니다: 그런 파일이나 디렉터리가 없습니다
root@seongjun-virtual-machine:~/바탕화면# tail /etc/passwd
pulse:x:125:132:PulseAudio daemon,,,:/run/pulse:/usr/sbin/nologin
gnome-initial-setup:x:126:65534::/run/gnome-initial-setup/:/bin/false
hplip:x:127:7:HPLIP system user,,,:/run/hplip:/bin/false
gdm:x:128:134:Gnome Display Manager:/var/lib/gdm3:/bin/false
seongjun:x:1000:1000:seongjun,,,:/home/seongjun:/bin/bash
bory:x:1001:1001:BoryPark,509,02-333-5555,02-777-7777,Student:/home/bory:/bin/bash
leebory:x:1003:1003:leebory,509,1111,2222,Student:/home/leebory:/bin/bash
seongjunnnnnn:x:1002:1000:,,,:/home/seongjunnnnnn:/bin/bash
seongseongjun:x:1004:1002:,,,:/newhome:/bin/bash
mandu:x:1005:1004:,,,:/home/mandu:/bin/csh
root@seongjun-virtual-machine:~/바탕화면# teil /etc/group
명령어 'teil' 을(를) 찾을 수 없습니다. 다음 명령어로 시도하시겠습니까:
  deb treiltreil의 명령어 ' (1.8-2.2build6)'
  deb tailcoreutils의 명령어 ' (8.32-4.1ubuntu1)'
Try: apt install <deb name>
root@seongjun-virtual-machine:~/바탕화면# tail /etc/group
pulse:x:132:
pulse-access:x:133:
gdm:x:134:
lxd:x:135:seongjun
seongjun:x:1000:
sambashare:x:136:seongjun
bory:x:1001:
leebory:x:1003:
seongseongjun:x:1002:
mandu:x:1004:
root@seongjun-virtual-machine:~/바탕화면# passwd bory
새 암호: 
잘못된 비밀번호: 암호가 앞뒤 어느쪽에서 읽어도 같은 문맥입니다
새 암호 재입력: 
죄송합니다. 암호가 일치하지 않습니다.
새 암호: 
잘못된 비밀번호: 암호가 앞뒤 어느쪽에서 읽어도 같은 문맥입니다
새 암호 재입력: 
passwd: 암호를 성공적으로 업데이트했습니다
root@seongjun-virtual-machine:~/바탕화면# login
seongjun-virtual-machine 로그인: bory
암호: 
Welcome to Ubuntu 22.04.2 LTS (GNU/Linux 5.19.0-35-generic x86_64)

 * Documentation:  https://help.ubuntu.com
 * Management:     https://landscape.canonical.com
 * Support:        https://ubuntu.com/advantage

 * Introducing Expanded Security Maintenance for Applications.
   Receive updates to over 25,000 software packages with your
   Ubuntu Pro subscription. Free for personal use.

     https://ubuntu.com/pro

Expanded Security Maintenance for Applications is not enabled.

0 updates can be applied immediately.

Enable ESM Apps to receive additional future security updates.
See https://ubuntu.com/esm or run: sudo pro status


The list of available updates is more than a week old.
To check for new updates run: sudo apt update

The programs included with the Ubuntu system are free software;
the exact distribution terms for each program are described in the
individual files in /usr/share/doc/*/copyright.

Ubuntu comes with ABSOLUTELY NO WARRANTY, to the extent permitted by
applicable law.

bory@seongjun-virtual-machine:~$ logout
root@seongjun-virtual-machine:~/바탕화면# usermod --shell /bin/csh boly
usermod: 'boly' 사용자가 없습니다
root@seongjun-virtual-machine:~/바탕화면# usermod --shell /bin/csh bory
root@seongjun-virtual-machine:~/바탕화면# usermod --group seongjun bory
root@seongjun-virtual-machine:~/바탕화면# nano /etc/passwd
root@seongjun-virtual-machine:~/바탕화면# nano /etc/passwd
root@seongjun-virtual-machine:~/바탕화면# ls
sources.list
root@seongjun-virtual-machine:~/바탕화면# userdel -r mandu
userdel: mandu mail spool (/var/mail/mandu) not found
root@seongjun-virtual-machine:~/바탕화면# nano /etc/passwd
root@seongjun-virtual-machine:~/바탕화면# /home
bash: /home: 디렉터리입니다
root@seongjun-virtual-machine:~/바탕화면# ls /home
bory  leebory  seongjun  seongjunnnnnn  test
root@seongjun-virtual-machine:~/바탕화면# /s /
bash: /s: 그런 파일이나 디렉터리가 없습니다
root@seongjun-virtual-machine:~/바탕화면# userdel -r boly
userdel: 'boly' 사용자가 없습니다
root@seongjun-virtual-machine:~/바탕화면# chage -l seongjun
마지막으로 암호를 바꾼 날					:  3월 14, 2023
암호 만료					: 안함
암호가 비활성화 기간					: 안함
계정 만료						: 안함
암호를 바꿀 수 있는 최소 날 수		: 0
암호를 바꿔야 하는 최대 날 수		: 99999
암호 만료 예고를 하는 날 수		: 7
root@seongjun-virtual-machine:~/바탕화면# chage -m 30 seongjun
root@seongjun-virtual-machine:~/바탕화면# chage -l seongjun
마지막으로 암호를 바꾼 날					:  3월 14, 2023
암호 만료					: 안함
암호가 비활성화 기간					: 안함
계정 만료						: 안함
암호를 바꿀 수 있는 최소 날 수		: 30
암호를 바꿔야 하는 최대 날 수		: 99999
암호 만료 예고를 하는 날 수		: 7
root@seongjun-virtual-machine:~/바탕화면# chage -m 30 seongjun
root@seongjun-virtual-machine:~/바탕화면# chage -l seongjun
마지막으로 암호를 바꾼 날					:  3월 14, 2023
암호 만료					: 안함
암호가 비활성화 기간					: 안함
계정 만료						: 안함
암호를 바꿀 수 있는 최소 날 수		: 30
암호를 바꿔야 하는 최대 날 수		: 99999
암호 만료 예고를 하는 날 수		: 7
root@seongjun-virtual-machine:~/바탕화면# chage -E 2026/12/31 seongjun
root@seongjun-virtual-machine:~/바탕화면# chage -l seongjun
마지막으로 암호를 바꾼 날					:  3월 14, 2023
암호 만료					: 안함
암호가 비활성화 기간					: 안함
계정 만료						: 12월 31, 2026
암호를 바꿀 수 있는 최소 날 수		: 30
암호를 바꿔야 하는 최대 날 수		: 99999
암호 만료 예고를 하는 날 수		: 7
root@seongjun-virtual-machine:~/바탕화면# chage -M 10 seongjun
root@seongjun-virtual-machine:~/바탕화면# chage -l seongjun
마지막으로 암호를 바꾼 날					:  3월 14, 2023
암호 만료					:  3월 24, 2023
암호가 비활성화 기간					: 안함
계정 만료						: 12월 31, 2026
암호를 바꿀 수 있는 최소 날 수		: 30
암호를 바꿔야 하는 최대 날 수		: 10
암호 만료 예고를 하는 날 수		: 7
root@seongjun-virtual-machine:~/바탕화면# groups
root
root@seongjun-virtual-machine:~/바탕화면# groups leebory
leebory : leebory
root@seongjun-virtual-machine:~/바탕화면# groupadd newgroup1
root@seongjun-virtual-machine:~/바탕화면# nano /etc/group
root@seongjun-virtual-machine:~/바탕화면# groupadd --gid 2222 newgroup2
root@seongjun-virtual-machine:~/바탕화면# nano /etc/group
root@seongjun-virtual-machine:~/바탕화면# groupmod --new-name mygroup1 newgroup1root@seongjun-virtual-machine:~/바탕화면# nano /etc/group
root@seongjun-virtual-machine:~/바탕화면# groupdel newgroup2
root@seongjun-virtual-machine:~/바탕화면# nano /etc/group
root@seongjun-virtual-machine:~/바탕화면# gpasswd mygroup1
mygroup1 그룹의 암호를 바꾸는 중
새 암호: 
새 암호를 다시 입력하십시오: 
root@seongjun-virtual-machine:~/바탕화면# gpasswd -a seongjun mygroup1
사용자 seongjun을(를) mygroup1 그룹에 등록 중
root@seongjun-virtual-machine:~/바탕화면# gpasswd -a leebory  mygroup1
사용자 leebory을(를) mygroup1 그룹에 등록 중
root@seongjun-virtual-machine:~/바탕화면# gpasswd -A seongjun mygroup1
root@seongjun-virtual-machine:~/바탕화면# nano /etc/group
root@seongjun-virtual-machine:~/바탕화면# gpasswd -d leebory mygroup1
사용자 leebory을(를) 그룹 mygroup1에서 제거하는 중
root@seongjun-virtual-machine:~/바탕화면# nano /etc/group
root@seongjun-virtual-machine:~/바탕화면# adduser hanbit1
'hanbit1' 사용자를 추가 중...
새 그룹 'hanbit1' (1005) 추가 ...
새 사용자 'hanbit1' (1005) 을(를) 그룹 'hanbit1' (으)로 추가 ...
'/home/hanbit1' 홈 디렉터리를 생성하는 중...
'/etc/skel'에서 파일들을 복사하는 중...
새 암호: 
잘못된 비밀번호: 암호는 8 개의 문자 보다 짧습니다
새 암호 재입력: 
passwd: 암호를 성공적으로 업데이트했습니다
hanbit1의 사용자의 정보를 바꿉니다
새로운 값을 넣거나, 기본값을 원하시면 엔터를 치세요
	이름 []: 
	방 번호 []: 
	직장 전화번호 []: 
	집 전화번호 []: 
	기타 []: 
정보가 올바릅니까? [Y/n] y
root@seongjun-virtual-machine:~/바탕화면# nano /etc/group
root@seongjun-virtual-machine:~/바탕화면# groupadd ubuntugroup
root@seongjun-virtual-machine:~/바탕화면# gpassword -a hanbit1 ubuntugroup
명령어 'gpassword' 을(를) 찾을 수 없습니다. 다음 명령어로 시도하시겠습니까:
  snap 1password1password의 명령어 ' (8.9.12)'
'snap info <snapname>'에서 추가 버전을 확인하십시오.
root@seongjun-virtual-machine:~/바탕화면# gpasswd -a hanbit1 ubuntugroup
사용자 hanbit1을(를) ubuntugroup 그룹에 등록 중
root@seongjun-virtual-machine:~/바탕화면# nano /etc/group
root@seongjun-virtual-machine:~/바탕화면# adduser --gid 
Option gid requires an argument
adduser [--home DIR] [--shell SHELL] [--no-create-home] [--uid ID]
[--firstuid ID] [--lastuid ID] [--gecos GECOS] [--ingroup GROUP | --gid ID]
[--disabled-password] [--disabled-login] [--add_extra_groups]
[--encrypt-home] USER
   일반 사용자를 추가합니다

adduser --system [--home DIR] [--shell SHELL] [--no-create-home] [--uid ID]
[--gecos GECOS] [--group | --ingroup GROUP | --gid ID] [--disabled-password]
[--disabled-login] [--add_extra_groups] USER
   시스템 사용자를 추가합니다

adduser --group [--gid ID] GROUP
addgroup [--gid ID] GROUP
   사용자 그룹을 추가합니다

addgroup --system [--gid ID] GROUP
   시스템 그룹을 추가합니다

adduser USER GROUP
   존재하는 사용자를 존재하는 그룹에 추가합니다

일반 옵션:
  --quiet | -q      실행 정보를 표준 출력으로 내보내지 않습니다
  --force-badname   NAME_REGEX[_SYSTEM] 구성 변수애
                    맞지 않는 사용자명을 허용합니다
  --extrausers      기타 사용자를 데이터베이스로 사용합니다
  --help | -h       사용법 메시지
  --version | -v    버전 숫자와 저작권
  --conf | -c FILE  FILE을 구성 파일로 사용합니다

root@seongjun-virtual-machine:~/바탕화면# nano /etc/group
root@seongjun-virtual-machine:~/바탕화면# nano /etc/group
root@seongjun-virtual-machine:~/바탕화면# adduser --gid 1006 hanbit2
'hanbit2' 사용자를 추가 중...
새 사용자 'hanbit2' (1006) 을(를) 그룹 'ubuntugroup' (으)로 추가 ...
'/home/hanbit2' 홈 디렉터리를 생성하는 중...
'/etc/skel'에서 파일들을 복사하는 중...
새 암호: 
잘못된 비밀번호: 암호는 8 개의 문자 보다 짧습니다
새 암호 재입력: 
passwd: 암호를 성공적으로 업데이트했습니다
hanbit2의 사용자의 정보를 바꿉니다
새로운 값을 넣거나, 기본값을 원하시면 엔터를 치세요
	이름 []: 
	방 번호 []: 
	직장 전화번호 []: 
	집 전화번호 []: 
	기타 []: 
정보가 올바릅니까? [Y/n] y
root@seongjun-virtual-machine:~/바탕화면# nano /etc/group
root@seongjun-virtual-machine:~/바탕화면# 
